(node:1769) ExperimentalWarning: SQLite is an experimental feature and might change at any time
(Use `node --trace-warnings ...` to show where the warning was created)
[2026/02/01 07:04:02] [CALLMESH] restore mapping hash=a1860bebf1fc9891eb40f7b089ab50792923a2ab0fd8d96e5cdae5a30377f32c count=66
[2026/02/01 07:04:02] [CALLMESH] restore provision cache from disk
[2026/02/01 07:04:02] [CALLMESH] 遙測快取將於查詢時由資料庫動態載入
[2026/02/01 07:04:02] [NODE-DB] restored 174 nodes from disk
[2026/02/01 07:04:02] [APRS] restored aprs dedup snapshot packet=30 local_tx=0 callsign=8 digest=0
[2026/02/01 07:04:02] [APRS] restored aprs anti-backtrack state count=2 pending=0
[2026/02/01 07:04:02] [CALLMESH] API key verified
[WEB] Dashboard listening at http://0.0.0.0:7080
[2026/02/01 07:04:02] [MESHTASTIC] 開始連線流程 (第 1 次嘗試，目標=TCP 10.37.45.18:4403)
[2026/02/01 07:04:02] [CALLMESH] heartbeat ok hash=a1860bebf1fc9891eb40f7b089ab50792923a2ab0fd8d96e5cdae5a30377f32c needs_update=false
[2026/02/01 07:04:02] [CALLMESH] provision received callsign=BU2GE ssid=-2
[2026/02/01 07:04:02] [APRS] feed filter set (provision-update): #filter r/23.6897/120.5372/300
[2026/02/01 07:04:02] [APRS] provision 為 BU2GE-2 pass=18160
[2026/02/01 07:04:02] [APRS] connecting asia.aprs2.net:14580 as BU2GE-2
[2026/02/01 07:04:02] [MESHTASTIC] 已連線至 TCP 10.37.45.18:4403 (嘗試第 1 次)，開始接收封包
[2026/02/01 07:04:02] [TENMAN] [TMAG-RELAY] 嘗試連線
[2026/02/01 07:04:02] [MESHTASTIC] 已送出 want_config 請求 (nonce=23742)
[2026/02/01 07:04:02] [APRS] connected
[2026/02/01 07:04:02] [TENMAN] [TMAG-RELAY] WebSocket 已連線
[2026/02/01 07:04:02] [TENMAN] WebSocket 已連線，開始驗證
[2026/02/01 07:04:02] [TENMAN] 已送出驗證請求
[2026/02/01 07:04:02] [TENMAN] 驗證通過 (gateway=0xabcd1234, mesh=!abcd1234, node=BU2GE)
[2026/02/01 07:04:02] [APRS] login verified
[2026/02/01 07:04:02] [APRS] beacon sent reason=aprs-verified
[2026/02/01 07:04:02] [APRS] BU2GE-2>APTMAG,TCPIP*:!2341.38NM12032.23E&PHG1230TMMARC Meshtastic APRS Gateway (NanoPi NEO) 解放電腦
[2026/02/01 07:04:02] [APRS] telemetry definition sent reason=login
[2026/02/01 07:04:02] [APRS] telemetry data sent reason=login seq=025 all=0 aprs=0 pos=0 msg=0 ctrl=0
[2026/02/01 07:04:02] [APRS] status sent reason=login version=0.2.28
[DEBUG-AUTO-TRACE] Check: b052623e Self: 406c85c
[2026/02/01 07:04:03] [TRACEROUTE] 排入 traceroute 佇列 !b052623e reason=auto
[2026/02/01 07:04:03] [TRACEROUTE] 排入 traceroute 佇列 !b052623e reason=auto
[2026/02/01 07:04:03] [TRACEROUTE] Sending Traceroute: from=67553372, to=2958189118, id=2034681865, hopLimit=6
[2026/02/01 07:04:03] [TRACEROUTE] Sending Traceroute: from=67553372, to=2958189118, id=2034681865, hopLimit=6
Date               | Nodes                      | Relay        | Ch |   SNR | RSSI | Type         | Hops   | Details
-------------------+---------------------------+--------------+----+-------+------+--------------+--------+------------------------------
02/01 07:04:03      | 番號下載專屬通道 📥💾 (!0406c85c) -> BadyoyoSolarNode BYS2 (!b052623e) | Self         |  0 |        |       | RouteRequest |         | to BadyoyoSolarNode BYS2 (!b052623e)
[2026/02/01 07:04:03] [TRACEROUTE] 送出 traceroute 請求 !b052623e
[2026/02/01 07:04:03] [TRACEROUTE] 送出 traceroute 請求 !b052623e
02/01 07:04:03      | BadyoyoSolarNode BYS2 (!b052623e) | !03919375    |  0 | -10.75 |  -122 | Position     | 5/6     | (25.008538, 121.267814) · ALT 117m
02/01 07:04:04      | 番號下載專屬通道 📥💾 (!0406c85c) -> 番號下載專屬通道 📥💾 (!0406c85c) | Self         |  0 |        |       | Routing      | 0       |
[DEBUG-AUTO-TRACE] Check: f5ad8ca7 Self: 406c85c
[2026/02/01 07:04:08] [TRACEROUTE] 排入 traceroute 佇列 !f5ad8ca7 reason=auto
[2026/02/01 07:04:08] [TRACEROUTE] 排入 traceroute 佇列 !f5ad8ca7 reason=auto
02/01 07:04:08      | meshtastic 8ca7 (!f5ad8ca7) | !03919375    |  0 | -11.25 |  -122 | Position     | 4/7     | (24.993435, 121.460380) · ALT 3m
[DEBUG-AUTO-TRACE] Check: 9eeb2c80 Self: 406c85c
[2026/02/01 07:04:21] [TRACEROUTE] 排入 traceroute 佇列 !9eeb2c80 reason=auto
[2026/02/01 07:04:21] [TRACEROUTE] 排入 traceroute 佇列 !9eeb2c80 reason=auto
02/01 07:04:21      | WCH_wifi_001 (!9eeb2c80)    | !03919375    |  0 | -11.25 |  -122 | NodeInfo     | 6/7     | WCH_wifi_001 (!9eeb2c80)
  model: HELTEC_V3
  role: CLIENT_BASE
  short: W001
[DEBUG-AUTO-TRACE] Check: 33681638 Self: 406c85c
[2026/02/01 07:04:39] [TRACEROUTE] 排入 traceroute 佇列 !33681638 reason=auto
[2026/02/01 07:04:39] [TRACEROUTE] 排入 traceroute 佇列 !33681638 reason=auto
02/01 07:04:39      | !33681638                   | !03919375    |  0 | -12.00 |  -123 | Position     | 2/4     | (25.011384, 121.427424) · ALT 92m
[DEBUG-AUTO-TRACE] Check: 433d81e0 Self: 406c85c
[2026/02/01 07:04:42] [TRACEROUTE] 排入 traceroute 佇列 !433d81e0 reason=auto
[2026/02/01 07:04:42] [TRACEROUTE] 排入 traceroute 佇列 !433d81e0 reason=auto
02/01 07:04:42      | Meshtastic 81e0 (!433d81e0) | !03919375    |  0 | -12.50 |  -123 | NodeInfo     | 5/6     | Meshtastic 81e0 (!433d81e0)
  model: HELTEC_WIRELESS_TRACKER
  short: 81e0
[DEBUG-AUTO-TRACE] Check: bcba0f7c Self: 406c85c
[2026/02/01 07:04:45] [TRACEROUTE] 排入 traceroute 佇列 !bcba0f7c reason=auto
[2026/02/01 07:04:45] [TRACEROUTE] 排入 traceroute 佇列 !bcba0f7c reason=auto
02/01 07:04:45      | BX2AKH_mobil☢️ (!bcba0f7c)  | !03919375    |  0 | -11.75 |  -122 | NodeInfo     | 2/7     | BX2AKH_mobil☢️ (!bcba0f7c)
  model: M5STACK_RESERVED
  role: CLIENT_MUTE
  short: 0f7c
02/01 07:04:52      | 番號下載專屬通道 📥💾 (!0406c85c)   | Self         |  0 |        |       | Telemetry    | 6       | battery 101% 4.34V CU 6.73% AirTx 0.227% uptime 42h13m
[DEBUG-AUTO-TRACE] Check: 300333a6 Self: 406c85c
[2026/02/01 07:04:56] [TRACEROUTE] 排入 traceroute 佇列 !300333a6 reason=auto
[2026/02/01 07:04:56] [TRACEROUTE] 排入 traceroute 佇列 !300333a6 reason=auto
02/01 07:04:56      | James-Only 三城湖 ☀ (!300333a6) | !03919375    |  0 | -12.75 |  -124 | Position     | 3/6     | (24.949555, 121.484083) · ALT 78m
[2026/02/01 07:05:02] [CALLMESH] heartbeat ok hash=a1860bebf1fc9891eb40f7b089ab50792923a2ab0fd8d96e5cdae5a30377f32c needs_update=false
[2026/02/01 07:05:03] [TRACEROUTE] Sending Traceroute: from=67553372, to=4121791655, id=2034681866, hopLimit=6
[2026/02/01 07:05:03] [TRACEROUTE] Sending Traceroute: from=67553372, to=4121791655, id=2034681866, hopLimit=6
02/01 07:05:03      | 番號下載專屬通道 📥💾 (!0406c85c) -> meshtastic 8ca7 (!f5ad8ca7) | Self         |  0 |        |       | RouteRequest |         | to meshtastic 8ca7 (!f5ad8ca7)
[2026/02/01 07:05:03] [TRACEROUTE] 送出 traceroute 請求 !f5ad8ca7
[2026/02/01 07:05:03] [TRACEROUTE] 送出 traceroute 請求 !f5ad8ca7
02/01 07:05:04      | 番號下載專屬通道 📥💾 (!0406c85c) -> 番號下載專屬通道 📥💾 (!0406c85c) | Self         |  0 |        |       | Routing      | 0       |
[DEBUG-AUTO-TRACE] Check: 433d81e0 Self: 406c85c
02/01 07:05:10      | Meshtastic 81e0 (!433d81e0) | !0000004d    |  0 |  11.00 |   -67 | Telemetry    | 5/6     | battery 101% 4.33V CU 13.2% AirTx 0.047% uptime 1m6s
[DEBUG-AUTO-TRACE] Check: 6b38c10 Self: 406c85c
[2026/02/01 07:05:15] [TRACEROUTE] 排入 traceroute 佇列 !06b38c10 reason=auto
[2026/02/01 07:05:15] [TRACEROUTE] 排入 traceroute 佇列 !06b38c10 reason=auto
02/01 07:05:15      | !06b38c10                   | !03919375    |  0 | -10.50 |  -122 | Position     | 5/7     | (24.982323, 121.294029) · ALT 0m
[DEBUG-AUTO-TRACE] Check: 36428ef3 Self: 406c85c
[2026/02/01 07:05:23] [TRACEROUTE] 排入 traceroute 佇列 !36428ef3 reason=auto
[2026/02/01 07:05:23] [TRACEROUTE] 排入 traceroute 佇列 !36428ef3 reason=auto
02/01 07:05:23      | !36428ef3                   | !03919375    |  0 | -11.25 |  -122 | Telemetry    | 1/6     | battery 97% 4.16V CU 15.4% AirTx 2.35% uptime 11h44m
[DEBUG-AUTO-TRACE] Check: e1433d4d Self: 406c85c
[2026/02/01 07:05:33] [TRACEROUTE] 排入 traceroute 佇列 !e1433d4d reason=auto
[2026/02/01 07:05:33] [TRACEROUTE] 排入 traceroute 佇列 !e1433d4d reason=auto
02/01 07:05:33      | 石灰坑山🌞 (!e1433d4d)          | !03919375    |  0 | -11.25 |  -122 | NodeInfo     | 4/5     | 石灰坑山🌞 (!e1433d4d)
  model: XIAO_NRF52_KIT
  role: CLIENT_BASE
  short: 3d4d
[DEBUG-AUTO-TRACE] Check: da63e824 Self: 406c85c
[2026/02/01 07:05:48] [TRACEROUTE] 排入 traceroute 佇列 !da63e824 reason=auto
[2026/02/01 07:05:48] [TRACEROUTE] 排入 traceroute 佇列 !da63e824 reason=auto
02/01 07:05:48      | !da63e824                   | !03919375    |  0 | -10.25 |  -121 | Position     | 3/7     | (24.965939, 121.520128) · ALT 600m
02/01 07:05:52      | 番號下載專屬通道 📥💾 (!0406c85c)   | Self         |  0 |        |       | Telemetry    | 6       | battery 101% 4.24V CU 7.99% AirTx 0.227% uptime 42h14m
[DEBUG-AUTO-TRACE] Check: b2a730ac Self: 406c85c
[2026/02/01 07:05:56] [TRACEROUTE] 排入 traceroute 佇列 !b2a730ac reason=auto
[2026/02/01 07:05:56] [TRACEROUTE] 排入 traceroute 佇列 !b2a730ac reason=auto
02/01 07:05:56      | !b2a730ac                   | !03919375    |  0 | -10.75 |  -122 | Position     | 3/7     | (25.087181, 121.398886) · ALT 274m
[2026/02/01 07:06:02] [CALLMESH] heartbeat ok hash=a1860bebf1fc9891eb40f7b089ab50792923a2ab0fd8d96e5cdae5a30377f32c needs_update=false
[2026/02/01 07:06:03] [TRACEROUTE] Sending Traceroute: from=67553372, to=2666212480, id=2034681867, hopLimit=6
[2026/02/01 07:06:03] [TRACEROUTE] Sending Traceroute: from=67553372, to=2666212480, id=2034681867, hopLimit=6
02/01 07:06:03      | 番號下載專屬通道 📥💾 (!0406c85c) -> WCH_wifi_001 (!9eeb2c80) | Self         |  0 |        |       | RouteRequest |         | to WCH_wifi_001 (!9eeb2c80)
[2026/02/01 07:06:03] [TRACEROUTE] 送出 traceroute 請求 !9eeb2c80
[2026/02/01 07:06:03] [TRACEROUTE] 送出 traceroute 請求 !9eeb2c80
[DEBUG-AUTO-TRACE] Check: 5415c987 Self: 406c85c
[2026/02/01 07:06:04] [TRACEROUTE] 排入 traceroute 佇列 !5415c987 reason=auto
[2026/02/01 07:06:04] [TRACEROUTE] 排入 traceroute 佇列 !5415c987 reason=auto
02/01 07:06:04      | 👴🧠⁉️ (!5415c987)          | !03919375    |  0 |  -9.25 |  -120 | Telemetry    | 5/7     | battery 39% 3.63V CU 14.2% AirTx 0.021% uptime 307h0m
02/01 07:06:05      | 番號下載專屬通道 📥💾 (!0406c85c) -> 番號下載專屬通道 📥💾 (!0406c85c) | Self         |  0 |        |       | Routing      | 0       |
[DEBUG-AUTO-TRACE] Check: 433d81e0 Self: 406c85c
02/01 07:06:09      | Meshtastic 81e0 (!433d81e0) | !03919375    |  0 | -10.50 |  -121 | Position     | 5/6     | (24.964402, 121.230909) · ALT 163m
[DEBUG-AUTO-TRACE] Check: 433d81e0 Self: 406c85c
02/01 07:06:25      | Meshtastic 81e0 (!433d81e0) | !03919375    |  0 |  -9.75 |  -121 | NodeInfo     | 3/6     | Meshtastic 81e0 (!433d81e0)
  model: HELTEC_WIRELESS_TRACKER
  short: 81e0
[DEBUG-AUTO-TRACE] Check: 266ea54 Self: 406c85c
[2026/02/01 07:06:32] [TRACEROUTE] 排入 traceroute 佇列 !0266ea54 reason=auto
[2026/02/01 07:06:32] [TRACEROUTE] 排入 traceroute 佇列 !0266ea54 reason=auto
[2026/02/01 07:06:32] [APRS] uplink skipped (seen on APRS-IS) callsign=BX1AAS-1
02/01 07:06:32      | BX1AAS (!0266ea54)          | !03919375    |  0 | -10.25 |  -121 | Position     | 4/7     | (25.180232, 121.438221)
  APRS 略過：APRS-IS 3 小時 內已有相同封包
[DEBUG-AUTO-TRACE] Check: ac8821f2 Self: 406c85c
[2026/02/01 07:06:46] [TRACEROUTE] 排入 traceroute 佇列 !ac8821f2 reason=auto
[2026/02/01 07:06:46] [TRACEROUTE] 排入 traceroute 佇列 !ac8821f2 reason=auto
02/01 07:06:46      | BigTiger 💪🐯🍖 (!ac8821f2) | !03919375    |  0 | -11.00 |  -122 | NodeInfo     | 2/5     | BigTiger 💪🐯🍖 (!ac8821f2)
  model: RAK4631
  role: CLIENT_MUTE
  short: TIGR
[DEBUG-AUTO-TRACE] Check: 6b38c10 Self: 406c85c
02/01 07:06:52      | !06b38c10                   | !0000004d    |  0 |  11.25 |   -67 | Position     | 4/7     | (24.982323, 121.294029) · ALT 0m
[DEBUG-AUTO-TRACE] Check: 433d81e0 Self: 406c85c
02/01 07:06:57      | Meshtastic 81e0 (!433d81e0) | !03919375    |  0 | -10.25 |  -121 | Telemetry    | 5/6     | battery 101% 4.33V CU 13.3% AirTx 0.049% uptime 1m6s
[2026/02/01 07:07:02] [CALLMESH] heartbeat ok hash=a1860bebf1fc9891eb40f7b089ab50792923a2ab0fd8d96e5cdae5a30377f32c needs_update=false
[2026/02/01 07:07:03] [TRACEROUTE] Sending Traceroute: from=67553372, to=862459448, id=2034681868, hopLimit=6
[2026/02/01 07:07:03] [TRACEROUTE] Sending Traceroute: from=67553372, to=862459448, id=2034681868, hopLimit=6
02/01 07:07:03      | 番號下載專屬通道 📥💾 (!0406c85c) -> !33681638 | Self         |  0 |        |       | RouteRequest |         | to Meshtastic 1638 (!33681638)
[2026/02/01 07:07:03] [TRACEROUTE] 送出 traceroute 請求 !33681638
[2026/02/01 07:07:03] [TRACEROUTE] 送出 traceroute 請求 !33681638
02/01 07:07:04      | 番號下載專屬通道 📥💾 (!0406c85c) -> 番號下載專屬通道 📥💾 (!0406c85c) | Self         |  0 |        |       | Routing      | 0       |
[DEBUG-AUTO-TRACE] Check: bab9329f Self: 406c85c
[2026/02/01 07:07:09] [TRACEROUTE] 排入 traceroute 佇列 !bab9329f reason=auto
[2026/02/01 07:07:09] [TRACEROUTE] 排入 traceroute 佇列 !bab9329f reason=auto
02/01 07:07:09      | !bab9329f                   | !03919375    |  0 | -11.25 |  -122 | Position     | 4/7     | (25.054413, 121.602048) · ALT 11m
[DEBUG-AUTO-TRACE] Check: 26a0b9d8 Self: 406c85c
[2026/02/01 07:07:17] [TRACEROUTE] 排入 traceroute 佇列 !26a0b9d8 reason=auto
[2026/02/01 07:07:17] [TRACEROUTE] 排入 traceroute 佇列 !26a0b9d8 reason=auto
02/01 07:07:17      | tatooine solar (!26a0b9d8)  | !03919375    |  0 | -10.75 |  -121 | Telemetry    | 1/6     | battery 96% 4.12V CU 0.533% AirTx 0.194% uptime 117h16m
[DEBUG-AUTO-TRACE] Check: db51c420 Self: 406c85c
[2026/02/01 07:07:27] [TRACEROUTE] 排入 traceroute 佇列 !db51c420 reason=auto
[2026/02/01 07:07:27] [TRACEROUTE] 排入 traceroute 佇列 !db51c420 reason=auto
02/01 07:07:27      | !db51c420                   | !03919375    |  0 | -10.50 |  -122 | Position     | 4/7     | (25.106842, 121.523405) · ALT 15m
[DEBUG-AUTO-TRACE] Check: ec5b65dc Self: 406c85c
[2026/02/01 07:07:28] [TRACEROUTE] 排入 traceroute 佇列 !ec5b65dc reason=auto
[2026/02/01 07:07:28] [TRACEROUTE] 排入 traceroute 佇列 !ec5b65dc reason=auto
02/01 07:07:28      | !ec5b65dc                   | !03919375    |  0 | -11.00 |  -121 | Telemetry    | 3/6     | battery 73% 3.92V CU 19.9% AirTx 2.56% uptime 248h27m
[DEBUG-AUTO-TRACE] Check: 33681638 Self: 406c85c
02/01 07:07:38      | !33681638                   | !03919375    |  0 |  -9.50 |  -120 | Position     | 2/4     | (25.010320, 121.426570) · ALT 68m
02/01 07:07:52      | 番號下載專屬通道 📥💾 (!0406c85c)   | Self         |  0 |        |       | Telemetry    | 6       | battery 81% 4.00V CU 5.13% AirTx 0.227% uptime 42h16m
02/01 07:07:52      | 番號下載專屬通道 📥💾 (!0406c85c)   | Self         |  0 |        |       | Telemetry    | 6       | uptimeSeconds 152206 channelUtilization 5.13 airUtilTx 0.227 numPacketsTx 302 numPacketsRx 45697 numPacketsRxBad 225 numOnlineNodes 184 numTotalNodes 200 numRxDupe 18853 heapTotalBytes 255232 heapFreeBytes 63084
[DEBUG-AUTO-TRACE] Check: 7c5cba84 Self: 406c85c
[2026/02/01 07:07:56] [TRACEROUTE] 排入 traceroute 佇列 !7c5cba84 reason=auto
[2026/02/01 07:07:56] [TRACEROUTE] 排入 traceroute 佇列 !7c5cba84 reason=auto
02/01 07:07:56      | !7c5cba84                   | !03919375    |  0 | -10.00 |  -121 | Position     | 2/4     | (24.975770, 121.444762)
[2026/02/01 07:08:02] [CALLMESH] heartbeat ok hash=a1860bebf1fc9891eb40f7b089ab50792923a2ab0fd8d96e5cdae5a30377f32c needs_update=false
[2026/02/01 07:08:03] [TRACEROUTE] Sending Traceroute: from=67553372, to=1128104416, id=2034681869, hopLimit=6
[2026/02/01 07:08:03] [TRACEROUTE] Sending Traceroute: from=67553372, to=1128104416, id=2034681869, hopLimit=6
02/01 07:08:03      | 番號下載專屬通道 📥💾 (!0406c85c) -> Meshtastic 81e0 (!433d81e0) | Self         |  0 |        |       | RouteRequest |         | to Meshtastic 81e0 (!433d81e0)
[2026/02/01 07:08:03] [TRACEROUTE] 送出 traceroute 請求 !433d81e0
[2026/02/01 07:08:03] [TRACEROUTE] 送出 traceroute 請求 !433d81e0
02/01 07:08:04      | 番號下載專屬通道 📥💾 (!0406c85c) -> 番號下載專屬通道 📥💾 (!0406c85c) | Self         |  0 |        |       | Routing      | 0       |
[DEBUG-AUTO-TRACE] Check: db2ac88c Self: 406c85c
[2026/02/01 07:08:13] [TRACEROUTE] 排入 traceroute 佇列 !db2ac88c reason=auto
[2026/02/01 07:08:13] [TRACEROUTE] 排入 traceroute 佇列 !db2ac88c reason=auto
02/01 07:08:13      | !db2ac88c                   | !03919375    |  0 | -10.25 |  -121 | Telemetry    | 3/7     | battery 100% 4.20V CU 18.0% AirTx 2.20% uptime 2308h53m
[DEBUG-AUTO-TRACE] Check: fa6c6835 Self: 406c85c
[2026/02/01 07:08:15] [TRACEROUTE] 排入 traceroute 佇列 !fa6c6835 reason=auto
[2026/02/01 07:08:15] [TRACEROUTE] 排入 traceroute 佇列 !fa6c6835 reason=auto
02/01 07:08:15      | James-Only 安德街 ☀ (!fa6c6835) | !03919375    |  0 | -10.00 |  -121 | NodeInfo     | 4/6     | James-Only 安德街 ☀ (!fa6c6835)
  model: HELTEC_MESH_NODE_T114
  short: JAM3
[DEBUG-AUTO-TRACE] Check: 27f18eda Self: 406c85c
[2026/02/01 07:08:27] [TRACEROUTE] 排入 traceroute 佇列 !27f18eda reason=auto
[2026/02/01 07:08:27] [TRACEROUTE] 排入 traceroute 佇列 !27f18eda reason=auto
02/01 07:08:27      | WCH_Solar_014(2W Solar) (!27f18eda) | !03919375    |  0 | -10.25 |  -121 | NodeInfo     | 4/6     | WCH_Solar_014(2W Solar) (!27f18eda)
  model: XIAO_NRF52_KIT
  role: CLIENT_BASE
  short: S014
[DEBUG-AUTO-TRACE] Check: 25b3ab30 Self: 406c85c
[2026/02/01 07:08:33] [TRACEROUTE] 排入 traceroute 佇列 !25b3ab30 reason=auto
[2026/02/01 07:08:33] [TRACEROUTE] 排入 traceroute 佇列 !25b3ab30 reason=auto
02/01 07:08:33      | Meshtastic ab30 (!25b3ab30) | !03919375    |  0 | -10.25 |  -121 | NodeInfo     | 6/6     | Meshtastic ab30 (!25b3ab30)
  model: T_ECHO
  short: ab30
[DEBUG-AUTO-TRACE] Check: da63e824 Self: 406c85c
02/01 07:08:40      | !da63e824                   | !03919375    |  0 |  -9.50 |  -120 | Position     | 1/7     | (24.965939, 121.520128) · ALT 600m
[DEBUG-AUTO-TRACE] Check: da5ce0d8 Self: 406c85c
[2026/02/01 07:08:44] [TRACEROUTE] 排入 traceroute 佇列 !da5ce0d8 reason=auto
[2026/02/01 07:08:44] [TRACEROUTE] 排入 traceroute 佇列 !da5ce0d8 reason=auto
02/01 07:08:44      | !da5ce0d8                   | !03919375    |  0 | -10.75 |  -121 | Position     | 2/3     | (25.087181, 121.661030) · ALT 54m
[DEBUG-AUTO-TRACE] Check: 433d81e0 Self: 406c85c
02/01 07:08:45      | Meshtastic 81e0 (!433d81e0) -> 番號下載專屬通道 📥💾 (!0406c85c) | !03919375    |  0 |  -9.75 |  -121 | Routing      | 3/6     |
02/01 07:08:52      | 番號下載專屬通道 📥💾 (!0406c85c)   | Self         |  0 |        |       | Telemetry    | 6       | battery 101% 4.25V CU 7.03% AirTx 0.227% uptime 42h17m
[DEBUG-AUTO-TRACE] Check: 6b38c10 Self: 406c85c
02/01 07:08:53      | !06b38c10                   | !03919375    |  0 | -10.25 |  -121 | EnvTelemetry | 3/7     | 15.0°C RH 72% 1008.9hPa
[DEBUG-AUTO-TRACE] Check: 7fa9909d Self: 406c85c
[2026/02/01 07:08:59] [TRACEROUTE] 排入 traceroute 佇列 !7fa9909d reason=auto
[2026/02/01 07:08:59] [TRACEROUTE] 排入 traceroute 佇列 !7fa9909d reason=auto
02/01 07:08:59      | BM2KVV_a (!7fa9909d)        | !03919375    |  0 | -10.50 |  -122 | NodeInfo     | 1/6     | BM2KVV_a (!7fa9909d)
  model: RAK4631
  role: CLIENT_MUTE
  short: Ben
[DEBUG-AUTO-TRACE] Check: c8839d46 Self: 406c85c
[2026/02/01 07:09:00] [TRACEROUTE] 排入 traceroute 佇列 !c8839d46 reason=auto
[2026/02/01 07:09:00] [TRACEROUTE] 排入 traceroute 佇列 !c8839d46 reason=auto
02/01 07:09:00      | !c8839d46                   | !03919375    |  0 | -10.25 |  -121 | Telemetry    | 3/3     | battery 101% 4.17V CU 5.09% AirTx 0.008% uptime 7h49m
[2026/02/01 07:09:02] [CALLMESH] heartbeat ok hash=a1860bebf1fc9891eb40f7b089ab50792923a2ab0fd8d96e5cdae5a30377f32c needs_update=false
[2026/02/01 07:09:03] [TRACEROUTE] Sending Traceroute: from=67553372, to=3166310268, id=2034681870, hopLimit=6
[2026/02/01 07:09:03] [TRACEROUTE] Sending Traceroute: from=67553372, to=3166310268, id=2034681870, hopLimit=6
02/01 07:09:03      | 番號下載專屬通道 📥💾 (!0406c85c) -> BX2AKH_mobil☢️ (!bcba0f7c) | Self         |  0 |        |       | RouteRequest |         | to BX2AKH_mobil☢️ (!bcba0f7c)
[2026/02/01 07:09:03] [TRACEROUTE] 送出 traceroute 請求 !bcba0f7c
[2026/02/01 07:09:03] [TRACEROUTE] 送出 traceroute 請求 !bcba0f7c
02/01 07:09:04      | 番號下載專屬通道 📥💾 (!0406c85c) -> 番號下載專屬通道 📥💾 (!0406c85c) | Self         |  0 |        |       | Routing      | 0       |
[DEBUG-AUTO-TRACE] Check: ac9db04 Self: 406c85c
[2026/02/01 07:09:08] [TRACEROUTE] 排入 traceroute 佇列 !0ac9db04 reason=auto
[2026/02/01 07:09:08] [TRACEROUTE] 排入 traceroute 佇列 !0ac9db04 reason=auto
02/01 07:09:08      | vic_005 (!0ac9db04)         | !03919375    |  0 | -10.25 |  -121 | Position     | 2/3     | (24.982323, 121.503744) · ALT 102m
  序列編號 #1
02/01 07:09:12      | 番號下載專屬通道 📥💾 (!0406c85c)   | Self         |  0 |        |       | Position     | 0/6     | (25.111620, 121.806940)
[DEBUG-AUTO-TRACE] Check: e9109f50 Self: 406c85c
[2026/02/01 07:09:14] [TRACEROUTE] 排入 traceroute 佇列 !e9109f50 reason=auto
[2026/02/01 07:09:14] [TRACEROUTE] 排入 traceroute 佇列 !e9109f50 reason=auto
02/01 07:09:14      | !e9109f50                   | !03919375    |  0 | -10.00 |  -121 | Position     | 5/6     | (25.192038, 121.398886) · ALT 89m
[DEBUG-AUTO-TRACE] Check: a4e91d86 Self: 406c85c
[2026/02/01 07:09:21] [TRACEROUTE] 排入 traceroute 佇列 !a4e91d86 reason=auto
[2026/02/01 07:09:21] [TRACEROUTE] 排入 traceroute 佇列 !a4e91d86 reason=auto
02/01 07:09:21      | Meshtastic 1d86 (!a4e91d86) | !03919375    |  0 |  -9.75 |  -121 | NodeInfo     | 6/6     | Meshtastic 1d86 (!a4e91d86)
  model: TRACKER_T1000_E
  role: CLIENT_MUTE
  short: 1d86
[DEBUG-AUTO-TRACE] Check: ec5b65dc Self: 406c85c
02/01 07:09:30      | !ec5b65dc                   | !03919375    |  0 | -10.75 |  -122 | Position     | 5/6     | (24.969216, 121.411994) · ALT 0m
[DEBUG-AUTO-TRACE] Check: 30c9d1ba Self: 406c85c
[2026/02/01 07:09:34] [TRACEROUTE] 排入 traceroute 佇列 !30c9d1ba reason=auto
[2026/02/01 07:09:34] [TRACEROUTE] 排入 traceroute 佇列 !30c9d1ba reason=auto
02/01 07:09:34      | !30c9d1ba                   | !03919375    |  0 | -10.75 |  -121 | Position     | 3/7     | (25.034752, 121.451315) · ALT 88m
[DEBUG-AUTO-TRACE] Check: bcba0f7c Self: 406c85c
02/01 07:09:41      | BX2AKH_mobil☢️ (!bcba0f7c)  | !03919375    |  0 | -10.25 |  -121 | NodeInfo     | 2/7     | BX2AKH_mobil☢️ (!bcba0f7c)
  model: M5STACK_RESERVED
  role: CLIENT_MUTE
  short: 0f7c
[DEBUG-AUTO-TRACE] Check: a186c68 Self: 406c85c
[2026/02/01 07:09:46] [TRACEROUTE] 排入 traceroute 佇列 !0a186c68 reason=auto
[2026/02/01 07:09:46] [TRACEROUTE] 排入 traceroute 佇列 !0a186c68 reason=auto
02/01 07:09:46      | !0a186c68                   | !03919375    |  0 |  -9.75 |  -120 | Telemetry    | 4/7     | battery 87% 4.03V CU 14.3% AirTx 1.35% uptime 607h33m
02/01 07:09:52      | 番號下載專屬通道 📥💾 (!0406c85c)   | Self         |  0 |        |       | Telemetry    | 6       | battery 97% 4.15V CU 9.50% AirTx 0.235% uptime 42h18m
[DEBUG-AUTO-TRACE] Check: 33681638 Self: 406c85c
02/01 07:09:56      | !33681638                   | !03919375    |  0 | -11.50 |  -122 | Position     | 2/4     | (25.011205, 121.427216) · ALT 38m
[DEBUG-AUTO-TRACE] Check: 433d81e0 Self: 406c85c
02/01 07:10:00      | Meshtastic 81e0 (!433d81e0) | !03919375    |  0 | -10.50 |  -121 | NodeInfo     | 4/6     | Meshtastic 81e0 (!433d81e0)
  model: HELTEC_WIRELESS_TRACKER
  short: 81e0
[2026/02/01 07:10:02] [CALLMESH] heartbeat ok hash=a1860bebf1fc9891eb40f7b089ab50792923a2ab0fd8d96e5cdae5a30377f32c needs_update=false
[2026/02/01 07:10:03] [TRACEROUTE] Sending Traceroute: from=67553372, to=805516198, id=2034681871, hopLimit=6
[2026/02/01 07:10:03] [TRACEROUTE] Sending Traceroute: from=67553372, to=805516198, id=2034681871, hopLimit=6
02/01 07:10:03      | 番號下載專屬通道 📥💾 (!0406c85c) -> James-Only 三城湖 ☀ (!300333a6) | Self         |  0 |        |       | RouteRequest |         | to James-Only 三城湖 ☀ (!300333a6)
[2026/02/01 07:10:03] [TRACEROUTE] 送出 traceroute 請求 !300333a6
[2026/02/01 07:10:03] [TRACEROUTE] 送出 traceroute 請求 !300333a6
[DEBUG-AUTO-TRACE] Check: 7cc8d3f9 Self: 406c85c
[2026/02/01 07:10:03] [TRACEROUTE] 排入 traceroute 佇列 !7cc8d3f9 reason=auto
[2026/02/01 07:10:03] [TRACEROUTE] 排入 traceroute 佇列 !7cc8d3f9 reason=auto
02/01 07:10:03      | !7cc8d3f9                   | !0000004d    |  0 |  11.75 |   -68 | Position     | 6/6     | (25.008538, 121.267814) · ALT 159m
[DEBUG-AUTO-TRACE] Check: ac7f3e7c Self: 406c85c
[2026/02/01 07:10:11] [TRACEROUTE] 排入 traceroute 佇列 !ac7f3e7c reason=auto
[2026/02/01 07:10:11] [TRACEROUTE] 排入 traceroute 佇列 !ac7f3e7c reason=auto
02/01 07:10:11      | !ac7f3e7c                   | !03919375    |  0 |  -8.50 |  -119 | Telemetry    | 1/7     | battery 93% 4.09V CU 19.2% AirTx 1.77% uptime 925h25m
02/01 07:10:15      | 番號下載專屬通道 📥💾 (!0406c85c) -> 番號下載專屬通道 📥💾 (!0406c85c) | Self         |  0 |        |       | Routing      | 0       |
[DEBUG-AUTO-TRACE] Check: 73120b51 Self: 406c85c
[2026/02/01 07:10:18] [TRACEROUTE] 排入 traceroute 佇列 !73120b51 reason=auto
[2026/02/01 07:10:18] [TRACEROUTE] 排入 traceroute 佇列 !73120b51 reason=auto
02/01 07:10:18      | !73120b51                   | !03919375    |  0 |  -9.00 |  -120 | Position     | 4/6     | (25.050146, 121.485677) · ALT 0m
[DEBUG-AUTO-TRACE] Check: 73120b51 Self: 406c85c
02/01 07:10:20      | !73120b51                   | !03919375    |  0 |  -8.75 |  -119 | Telemetry    | 5/6     | battery 96% 4.14V CU 19.6% AirTx 1.70% uptime 737h19m
[DEBUG-AUTO-TRACE] Check: 8166647d Self: 406c85c
[2026/02/01 07:10:24] [TRACEROUTE] 排入 traceroute 佇列 !8166647d reason=auto
[2026/02/01 07:10:24] [TRACEROUTE] 排入 traceroute 佇列 !8166647d reason=auto
02/01 07:10:24      | !8166647d                   | !03919375    |  0 |  -9.25 |  -120 | Position     | 6/6     | (24.969216, 121.674138) · ALT 332m
[DEBUG-AUTO-TRACE] Check: c1d492be Self: 406c85c
[2026/02/01 07:10:26] [TRACEROUTE] 排入 traceroute 佇列 !c1d492be reason=auto
[2026/02/01 07:10:26] [TRACEROUTE] 排入 traceroute 佇列 !c1d492be reason=auto
02/01 07:10:26      | 🔋T114🔋 (!c1d492be)        | !03919375    |  0 |  -9.75 |  -120 | Position     | 5/7     | (25.041306, 121.615155) · ALT 11m
[DEBUG-AUTO-TRACE] Check: 433d81e0 Self: 406c85c
02/01 07:10:30      | Meshtastic 81e0 (!433d81e0) | !03919375    |  0 | -10.50 |  -121 | Telemetry    | 5/6     | battery 101% 4.33V CU 13.0% AirTx 0.066% uptime 1m6s
[DEBUG-AUTO-TRACE] Check: 79489b2 Self: 406c85c
[2026/02/01 07:10:34] [TRACEROUTE] 排入 traceroute 佇列 !079489b2 reason=auto
[2026/02/01 07:10:34] [TRACEROUTE] 排入 traceroute 佇列 !079489b2 reason=auto
02/01 07:10:34      | KL89b2 🦉 (!079489b2)       | !03919375    |  0 | -10.50 |  -121 | NodeInfo     | 5/6     | KL89b2 🦉 (!079489b2)
  model: TRACKER_T1000_E
  role: CLIENT_MUTE
  short: 🦉
[DEBUG-AUTO-TRACE] Check: 6b38c10 Self: 406c85c
02/01 07:10:38      | !06b38c10                   | !03919375    |  0 | -10.00 |  -121 | Position     | 5/7     | (24.982323, 121.294029) · ALT 0m
[DEBUG-AUTO-TRACE] Check: a0cb45b0 Self: 406c85c
[2026/02/01 07:10:40] [TRACEROUTE] 排入 traceroute 佇列 !a0cb45b0 reason=auto
[2026/02/01 07:10:40] [TRACEROUTE] 排入 traceroute 佇列 !a0cb45b0 reason=auto
02/01 07:10:40      | !a0cb45b0                   | !0000004d    |  0 |  10.50 |   -68 | Position     | 3/3     | (24.984888, 121.557924) · ALT 10m
02/01 07:10:52      | 番號下載專屬通道 📥💾 (!0406c85c)   | Self         |  0 |        |       | Telemetry    | 6       | battery 101% 4.21V CU 8.48% AirTx 0.241% uptime 42h19m
[DEBUG-AUTO-TRACE] Check: 8561ef18 Self: 406c85c
[2026/02/01 07:10:59] [TRACEROUTE] 排入 traceroute 佇列 !8561ef18 reason=auto
[2026/02/01 07:10:59] [TRACEROUTE] 排入 traceroute 佇列 !8561ef18 reason=auto
02/01 07:10:59      | !8561ef18                   | !03919375    |  0 |  -9.50 |  -120 | Position     | 4/7     | (25.028198, 121.602048) · ALT 11m
[2026/02/01 07:11:02] [CALLMESH] heartbeat ok hash=a1860bebf1fc9891eb40f7b089ab50792923a2ab0fd8d96e5cdae5a30377f32c needs_update=false
[2026/02/01 07:11:03] [TRACEROUTE] Sending Traceroute: from=67553372, to=112430096, id=2034681872, hopLimit=6
[2026/02/01 07:11:03] [TRACEROUTE] Sending Traceroute: from=67553372, to=112430096, id=2034681872, hopLimit=6
02/01 07:11:03      | 番號下載專屬通道 📥💾 (!0406c85c) -> !06b38c10 | Self         |  0 |        |       | RouteRequest |         | to UED-B (!06b38c10)
[2026/02/01 07:11:03] [TRACEROUTE] 送出 traceroute 請求 !06b38c10
[2026/02/01 07:11:03] [TRACEROUTE] 送出 traceroute 請求 !06b38c10
02/01 07:11:04      | 番號下載專屬通道 📥💾 (!0406c85c) -> 番號下載專屬通道 📥💾 (!0406c85c) | Self         |  0 |        |       | Routing      | 0       |
[DEBUG-AUTO-TRACE] Check: 37247d4c Self: 406c85c
[2026/02/01 07:11:09] [TRACEROUTE] 排入 traceroute 佇列 !37247d4c reason=auto
[2026/02/01 07:11:09] [TRACEROUTE] 排入 traceroute 佇列 !37247d4c reason=auto
02/01 07:11:09      | blueapple7d4c (!37247d4c)   | !03919375    |  0 |  -9.50 |  -120 | Position     | 2/6     | (25.067520, 121.588941) · ALT 28m
